> Building...
√ Building...
Initial chunk files | Names                        |  Raw size | Estimated transfer size
chunk-CFZO64P6.js   | -                            | 163.90 kB |                47.63 kB
chunk-N4FYOCXI.js   | -                            | 126.21 kB |                24.58 kB
chunk-GCAI7I3T.js   | -                            |  88.79 kB |                22.43 kB
styles-Z675L23S.css | styles                       |  16.40 kB |                 3.71 kB
main-MOKR67MS.js    | main                         |  14.54 kB |                 4.32 kB
chunk-5MVL3VM7.js   | -                            |   6.07 kB |                 1.85 kB
chunk-XFJSKHT4.js   | -                            |   4.27 kB |                 1.36 kB
chunk-TIVKUTZT.js   | -                            |   1.96 kB |               613 bytes
chunk-TXJQS55Z.js   | -                            | 511 bytes |               511 bytes

                    | Initial total                | 422.66 kB |               106.99 kB

Lazy chunk files    | Names                        |  Raw size | Estimated transfer size
chunk-CSTAH3SH.js   | configuracion-component      |  62.66 kB |                14.95 kB
chunk-SZD3DBDY.js   | trazabilidad-component       |  54.67 kB |                11.91 kB
chunk-SFMUHDIA.js   | inventario-component         |  44.73 kB |                10.53 kB
chunk-HIOVKQXD.js   | preparacion-component        |  43.72 kB |                10.49 kB
chunk-Q5CGPR7H.js   | expediente-unico-component   |  42.31 kB |                10.39 kB
chunk-SS3OWKA6.js   | documentos-component         |  35.85 kB |                 8.71 kB
chunk-V6NEXNBK.js   | dashboard-component          |  32.38 kB |                 7.55 kB
chunk-TBR77MVV.js   | expediente-tecnico-component |  30.03 kB |                 8.06 kB
chunk-ILXIBD5X.js   | entrega-component            |  27.34 kB |                 7.07 kB
chunk-GWOTH45M.js   | -                            |  26.15 kB |                 5.90 kB
chunk-XBLBFFBQ.js   | catalogo-software-component  |  21.58 kB |                 5.78 kB
chunk-SSIXIJZO.js   | garantia-component           |  20.02 kB |                 5.30 kB
chunk-OMZTII5F.js   | asignacion-component         |  18.67 kB |                 5.37 kB
chunk-ZGXWNCW2.js   | conformidad-component        |  14.70 kB |                 4.50 kB
chunk-PYHSTUFX.js   | guia-component               |  13.40 kB |                 4.17 kB
...and 8 more lazy chunks files. Use "--verbose" to show all the files.

Application bundle generation complete. [4.924 seconds] - 2026-08-03T22:45:42.153Z

Output location: C:\projects\claude\analisis\prototipo-angular\dist\prototipo-angular

